2026-06-09 10:30:59 [INFO][module01-actuator] [background-preinit] traceId= o.h.validator.internal.util.Version - HV000001: Hibernate Validator 8.0.2.Final
2026-06-09 10:30:59 [INFO][module01-actuator] [main] traceId= c.w.a.PopularShopStarterApplication - Starting PopularShopStarterApplication using Java 17.0.19 with PID 1694 (/Users/jeonjiwon/Desktop/wanted/Lecture/14_Monitoring/module01-actuator/build/classes/java/main started by jeonjiwon in /Users/jeonjiwon/Desktop/wanted/Lecture/14_Monitoring)
2026-06-09 10:30:59 [INFO][module01-actuator] [main] traceId= c.w.a.PopularShopStarterApplication - No active profile set, falling back to 1 default profile: "default"
2026-06-09 10:31:00 [INFO][module01-actuator] [main] traceId= o.s.d.r.c.RepositoryConfigurationDelegate - Bootstrapping Spring Data JPA repositories in DEFAULT mode.
2026-06-09 10:31:00 [INFO][module01-actuator] [main] traceId= o.s.d.r.c.RepositoryConfigurationDelegate - Finished Spring Data repository scanning in 24 ms. Found 2 JPA repository interfaces.
2026-06-09 10:31:00 [INFO][module01-actuator] [main] traceId= o.s.b.w.e.tomcat.TomcatWebServer - Tomcat initialized with port 8080 (http)
2026-06-09 10:31:00 [INFO][module01-actuator] [main] traceId= o.a.coyote.http11.Http11NioProtocol - Initializing ProtocolHandler ["http-nio-8080"]
2026-06-09 10:31:00 [INFO][module01-actuator] [main] traceId= o.a.catalina.core.StandardService - Starting service [Tomcat]
2026-06-09 10:31:00 [INFO][module01-actuator] [main] traceId= o.a.catalina.core.StandardEngine - Starting Servlet engine: [Apache Tomcat/10.1.41]
2026-06-09 10:31:00 [INFO][module01-actuator] [main] traceId= o.a.c.c.C.[Tomcat].[localhost].[/] - Initializing Spring embedded WebApplicationContext
2026-06-09 10:31:00 [INFO][module01-actuator] [main] traceId= o.s.b.w.s.c.ServletWebServerApplicationContext - Root WebApplicationContext: initialization completed in 857 ms
2026-06-09 10:31:00 [INFO][module01-actuator] [main] traceId= com.zaxxer.hikari.HikariDataSource - HikariPool-1 - Starting...
2026-06-09 10:31:00 [INFO][module01-actuator] [main] traceId= com.zaxxer.hikari.pool.HikariPool - HikariPool-1 - Added connection com.mysql.cj.jdbc.ConnectionImpl@278de2b2
2026-06-09 10:31:00 [INFO][module01-actuator] [main] traceId= com.zaxxer.hikari.HikariDataSource - HikariPool-1 - Start completed.
2026-06-09 10:31:01 [INFO][module01-actuator] [main] traceId= o.h.jpa.internal.util.LogHelper - HHH000204: Processing PersistenceUnitInfo [name: default]
2026-06-09 10:31:01 [INFO][module01-actuator] [main] traceId= org.hibernate.Version - HHH000412: Hibernate ORM core version 6.6.15.Final
2026-06-09 10:31:01 [INFO][module01-actuator] [main] traceId= o.h.c.i.RegionFactoryInitiator - HHH000026: Second-level cache disabled
2026-06-09 10:31:01 [INFO][module01-actuator] [main] traceId= o.s.o.j.p.SpringPersistenceUnitInfo - No LoadTimeWeaver setup: ignoring JPA class transformer
2026-06-09 10:31:01 [INFO][module01-actuator] [main] traceId= o.hibernate.orm.connections.pooling - HHH10001005: Database info:
	Database JDBC URL [Connecting through datasource 'HikariDataSource (HikariPool-1)']
	Database driver: undefined/unknown
	Database version: 9.6
	Autocommit mode: undefined/unknown
	Isolation level: undefined/unknown
	Minimum pool size: undefined/unknown
	Maximum pool size: undefined/unknown
2026-06-09 10:31:01 [INFO][module01-actuator] [main] traceId= o.h.e.t.j.p.i.JtaPlatformInitiator - HHH000489: No JTA platform available (set 'hibernate.transaction.jta.platform' to enable JTA platform integration)
2026-06-09 10:31:01 [INFO][module01-actuator] [main] traceId= o.s.o.j.LocalContainerEntityManagerFactoryBean - Initialized JPA EntityManagerFactory for persistence unit 'default'
2026-06-09 10:31:02 [INFO][module01-actuator] [main] traceId= o.s.d.j.r.query.QueryEnhancerFactory - Hibernate is in classpath; If applicable, HQL parser will be used.
2026-06-09 10:31:02 [INFO][module01-actuator] [main] traceId= o.s.b.a.e.web.EndpointLinksResolver - Exposing 5 endpoints beneath base path '/actuator'
2026-06-09 10:31:02 [INFO][module01-actuator] [main] traceId= o.a.coyote.http11.Http11NioProtocol - Starting ProtocolHandler ["http-nio-8080"]
2026-06-09 10:31:02 [INFO][module01-actuator] [main] traceId= o.s.b.w.e.tomcat.TomcatWebServer - Tomcat started on port 8080 (http) with context path '/'
2026-06-09 10:31:02 [INFO][module01-actuator] [main] traceId= c.w.a.PopularShopStarterApplication - Started PopularShopStarterApplication in 3.787 seconds (process running for 4.309)
2026-06-09 10:31:03 [INFO][module01-actuator] [RMI TCP Connection(2)-127.0.0.1] traceId= o.a.c.c.C.[Tomcat].[localhost].[/] - Initializing Spring DispatcherServlet 'dispatcherServlet'
2026-06-09 10:31:03 [INFO][module01-actuator] [RMI TCP Connection(2)-127.0.0.1] traceId= o.s.web.servlet.DispatcherServlet - Initializing Servlet 'dispatcherServlet'
2026-06-09 10:31:03 [INFO][module01-actuator] [RMI TCP Connection(2)-127.0.0.1] traceId= o.s.web.servlet.DispatcherServlet - Completed initialization in 1 ms
